{
  "0": [10, 10, 10, 10, 10, 10],
  "1": [20, 20, 20, 20, 20],
  "2": [30, 30, 30, 30],
  "3": [40, 40, 40, 40, 40, 40]
}