{
  "0": [7.7, 13.3, 12.6, 11.1, 2.4, 5.1],
  "1": [3, 14.1, 10.3, 3.9, 5.6],
  "2": [5.3, 5, 0.5, 4.8],
  "3": [7.1, 10.2, 16.8, 5.1, 4.9, 5.3]
}