{
  "1": [20, 20, 20, 20, 20],
  "2": [30, 30, 30, 30]
}