{
  "0": [10, 40, 40, 20, 20],
  "1": [10, 10, 40, 20, 40],
  "2": [10, 10, 20, 20],
  "3": [30, 10, 30, 30, 30, 40]
}