{
  "0": ["NaN", 7.7, 7.1, 10.2, 3, 14.1],
  "1": [11.1, 2.4, 16.8, 10.3, 5.1],
  "2": [13.3, 5.1, 3.9, 5.6],
  "3": [5.3, 12.6, 5, 0.5, 4.8, 4.9]
}