{
  "1": [11.1, 2.4, 16.8, 10.3, 5.1],
  "2": [13.3, 5.1, 3.9, 5.6]
}